// Jest Snapshot v1, https://goo.gl/fbAQLP

exports[`Test the App components renders the App correctly 1`] = `
Array [
  <header>
    <h1>
      Math Magicians
    </h1>
    <div
      className="nav"
    >
      <nav>
        <a
          className="link"
          href="#/"
          onClick={[Function]}
        >
          Home
        </a>
        <a
          className="link"
          href="#/calculator"
          onClick={[Function]}
        >
          Calculator
        </a>
        <a
          className="link"
          href="#/quote"
          onClick={[Function]}
        >
          Quote
        </a>
      </nav>
    </div>
  </header>,
  <div
    className="home"
  >
    <h2>
      Welcome to our page!
    </h2>
    <p>
      Lorem ipsum dolor sit amet, consectetur adipiscing elit, sed do eiusmod tempor incididunt ut labore et dolore magna aliqua. Ultricies mi quis hendrerit dolor magna eget. Adipiscing elit pellentesque habitant morbi tristique senectus. Velit euismod in pellentesque massa placerat duis ultricies lacus. Amet facilisis magna etiam tempor orci eu lobortis elementum nibh. Tellus elementum sagittis vitae et leo duis ut diam quam. Porttitor massa id neque aliquam vestibulum. Enim diam vulputate ut pharetra sit. Enim eu turpis egestas pretium aenean pharetra. Cras tincidunt lobortis feugiat vivamus at augue eget. Duis convallis convallis tellus id interdum velit laoreet id donec.
    </p>
    <p>
      In hac habitasse platea dictumst vestibulum. Aliquet porttitor lacus luctus accumsan. Scelerisque purus semper eget duis at tellus at. In fermentum et sollicitudin ac orci phasellus egestas tellus. Cursus turpis massa tincidunt dui ut ornare. Id leo in vitae turpis massa sed elementum tempus egestas. Vestibulum mattis ullamcorper velit sed ullamcorper morbi tincidunt ornare massa. Ultrices eros in cursus turpis massa tincidunt dui. Iaculis at erat pellentesque adipiscing commodo elit. Vitae ultricies leo integer malesuada nunc vel. Massa massa ultricies mi quis hendrerit dolor magna. Nibh tortor id aliquet lectus proin nibh nisl. Est sit amet facilisis magna etiam tempor orci eu. Ut sem viverra aliquet eget sit amet tellus. Pharetra massa massa ultricies mi quis hendrerit dolor magna.
    </p>
  </div>,
]
`;

exports[`Test the App components renders the Calculator page correctly 1`] = `
<div
  className="calcpage"
>
  <h2>
    Let's do some math!
  </h2>
  <div
    className="grid-container"
  >
    <div
      id="result"
    >
      <span
        className="previous"
      />
       
      <span
        className="operand"
      />
       
      <span
        className="current"
      />
    </div>
    <button
      className="digit"
      id="all-clear"
      onClick={[Function]}
      type="button"
    >
      AC
    </button>
    <button
      className="digit"
      id="plus-minus"
      onClick={[Function]}
      type="button"
    >
      ±
    </button>
    <button
      className="digit"
      id="mod"
      onClick={[Function]}
      type="button"
    >
      %
    </button>
    <button
      className="operation"
      id="division"
      onClick={[Function]}
      type="button"
    >
      ÷
    </button>
    <button
      className="digit"
      id="n7"
      onClick={[Function]}
      type="button"
    >
      7
    </button>
    <button
      className="digit"
      id="n8"
      onClick={[Function]}
      type="button"
    >
      8
    </button>
    <button
      className="digit"
      id="n9"
      onClick={[Function]}
      type="button"
    >
      9
    </button>
    <button
      className="operation"
      id="multiplication"
      onClick={[Function]}
      type="button"
    >
      ×
    </button>
    <button
      className="digit"
      id="n4"
      onClick={[Function]}
      type="button"
    >
      4
    </button>
    <button
      className="digit"
      id="n5"
      onClick={[Function]}
      type="button"
    >
      5
    </button>
    <button
      className="digit"
      id="n6"
      onClick={[Function]}
      type="button"
    >
      6
    </button>
    <button
      className="operation"
      id="subtraction"
      onClick={[Function]}
      type="button"
    >
      -
    </button>
    <button
      className="digit"
      id="n1"
      onClick={[Function]}
      type="button"
    >
      1
    </button>
    <button
      className="digit"
      id="n2"
      onClick={[Function]}
      type="button"
    >
      2
    </button>
    <button
      className="digit"
      id="n3"
      onClick={[Function]}
      type="button"
    >
      3
    </button>
    <button
      className="operation"
      id="addition"
      onClick={[Function]}
      type="button"
    >
      +
    </button>
    <button
      className="digit"
      id="n0"
      onClick={[Function]}
      type="button"
    >
      0
    </button>
    <button
      className="digit"
      id="point"
      onClick={[Function]}
      type="button"
    >
      .
    </button>
    <button
      className="operation"
      id="equal"
      onClick={[Function]}
      type="button"
    >
      =
    </button>
  </div>
</div>
`;

exports[`Test the App components renders the Home page correctly 1`] = `
<div
  className="home"
>
  <h2>
    Welcome to our page!
  </h2>
  <p>
    Lorem ipsum dolor sit amet, consectetur adipiscing elit, sed do eiusmod tempor incididunt ut labore et dolore magna aliqua. Ultricies mi quis hendrerit dolor magna eget. Adipiscing elit pellentesque habitant morbi tristique senectus. Velit euismod in pellentesque massa placerat duis ultricies lacus. Amet facilisis magna etiam tempor orci eu lobortis elementum nibh. Tellus elementum sagittis vitae et leo duis ut diam quam. Porttitor massa id neque aliquam vestibulum. Enim diam vulputate ut pharetra sit. Enim eu turpis egestas pretium aenean pharetra. Cras tincidunt lobortis feugiat vivamus at augue eget. Duis convallis convallis tellus id interdum velit laoreet id donec.
  </p>
  <p>
    In hac habitasse platea dictumst vestibulum. Aliquet porttitor lacus luctus accumsan. Scelerisque purus semper eget duis at tellus at. In fermentum et sollicitudin ac orci phasellus egestas tellus. Cursus turpis massa tincidunt dui ut ornare. Id leo in vitae turpis massa sed elementum tempus egestas. Vestibulum mattis ullamcorper velit sed ullamcorper morbi tincidunt ornare massa. Ultrices eros in cursus turpis massa tincidunt dui. Iaculis at erat pellentesque adipiscing commodo elit. Vitae ultricies leo integer malesuada nunc vel. Massa massa ultricies mi quis hendrerit dolor magna. Nibh tortor id aliquet lectus proin nibh nisl. Est sit amet facilisis magna etiam tempor orci eu. Ut sem viverra aliquet eget sit amet tellus. Pharetra massa massa ultricies mi quis hendrerit dolor magna.
  </p>
</div>
`;
